Archive member included to satisfy reference by file (symbol)

/home/trunexa-00011/Nikhil_workspace/Trucrux/Codesetup/Yocto/D01/build_truxd01/tmp/sysroots/imx6-truxd01/usr/lib/arm-poky-linux-gnueabi/5.3.0/libgcc.a(_udivsi3.o)
                              arch/arm/cpu/armv7/built-in.o (__aeabi_uidiv)
/home/trunexa-00011/Nikhil_workspace/Trucrux/Codesetup/Yocto/D01/build_truxd01/tmp/sysroots/imx6-truxd01/usr/lib/arm-poky-linux-gnueabi/5.3.0/libgcc.a(_divsi3.o)
                              cmd/built-in.o (__aeabi_idiv)
/home/trunexa-00011/Nikhil_workspace/Trucrux/Codesetup/Yocto/D01/build_truxd01/tmp/sysroots/imx6-truxd01/usr/lib/arm-poky-linux-gnueabi/5.3.0/libgcc.a(_lshrdi3.o)
                              fs/built-in.o (__aeabi_llsr)
/home/trunexa-00011/Nikhil_workspace/Trucrux/Codesetup/Yocto/D01/build_truxd01/tmp/sysroots/imx6-truxd01/usr/lib/arm-poky-linux-gnueabi/5.3.0/libgcc.a(_ashldi3.o)
                              drivers/mmc/built-in.o (__aeabi_llsl)
/home/trunexa-00011/Nikhil_workspace/Trucrux/Codesetup/Yocto/D01/build_truxd01/tmp/sysroots/imx6-truxd01/usr/lib/arm-poky-linux-gnueabi/5.3.0/libgcc.a(_dvmd_lnx.o)
                              /home/trunexa-00011/Nikhil_workspace/Trucrux/Codesetup/Yocto/D01/build_truxd01/tmp/sysroots/imx6-truxd01/usr/lib/arm-poky-linux-gnueabi/5.3.0/libgcc.a(_udivsi3.o) (__aeabi_idiv0)

Discarded input sections

 .data          0x0000000000000000        0x0 arch/arm/cpu/armv7/start.o
 .bss           0x0000000000000000        0x0 arch/arm/cpu/armv7/start.o
 .text.v7_arch_cp15_set_l2aux_ctrl
                0x0000000000000000        0x8 arch/arm/cpu/armv7/built-in.o
 .text.v7_arch_cp15_set_acr
                0x0000000000000000        0x8 arch/arm/cpu/armv7/built-in.o
 .text.sdelay   0x0000000000000000        0xc arch/arm/cpu/armv7/built-in.o
 .text.wait_on_value
                0x0000000000000000       0x34 arch/arm/cpu/armv7/built-in.o
 .text.get_nr_cpus
                0x0000000000000000       0x10 arch/arm/cpu/armv7/built-in.o
 .text.board_mmc_get_env_dev
                0x0000000000000000        0x8 arch/arm/cpu/armv7/built-in.o
 .text.enable_uart_clk
                0x0000000000000000       0x54 arch/arm/cpu/armv7/built-in.o
 .text.enable_usdhc_clk
                0x0000000000000000       0x4c arch/arm/cpu/armv7/built-in.o
 .text.enable_spi_clk
                0x0000000000000000       0x44 arch/arm/cpu/armv7/built-in.o
 .text.enable_ipu_clock
                0x0000000000000000       0x90 arch/arm/cpu/armv7/built-in.o
 .text.mx6_ecspi_fused
                0x0000000000000000       0x78 arch/arm/cpu/armv7/built-in.o
 .text.mx6_uart_fused
                0x0000000000000000       0xb4 arch/arm/cpu/armv7/built-in.o
 .text.mx6_qspi_fused
                0x0000000000000000        0x8 arch/arm/cpu/armv7/built-in.o
 .data          0x0000000000000000        0x0 arch/arm/cpu/armv7/built-in.o
 .bss           0x0000000000000000        0x0 arch/arm/cpu/armv7/built-in.o
 .text          0x0000000000000000        0x0 arch/arm/imx-common/built-in.o
 .text.imx_iomux_set_gpr_register
                0x0000000000000000       0x3c arch/arm/imx-common/built-in.o
 .text.get_imx_reset_cause
                0x0000000000000000       0x10 arch/arm/imx-common/built-in.o
 .text.set_chipselect_size
                0x0000000000000000       0x84 arch/arm/imx-common/built-in.o
 .text.mxs_wait_mask_set
                0x0000000000000000       0x3c arch/arm/imx-common/built-in.o
 .text.mxs_wait_mask_clr
                0x0000000000000000       0x3c arch/arm/imx-common/built-in.o
 .text.mxs_reset_block
                0x0000000000000000       0x90 arch/arm/imx-common/built-in.o
 .text.usec2ticks
                0x0000000000000000       0x60 arch/arm/imx-common/built-in.o
 .data          0x0000000000000000        0x0 arch/arm/imx-common/built-in.o
 .bss           0x0000000000000000        0x0 arch/arm/imx-common/built-in.o
 .text.reset_misc
                0x0000000000000000        0x4 arch/arm/lib/built-in.o
 .text.enable_caches
                0x0000000000000000        0xc arch/arm/lib/built-in.o
 .text.invalidate_dcache_range
                0x0000000000000000        0x4 arch/arm/lib/built-in.o
 .text.flush_dcache_range
                0x0000000000000000        0x4 arch/arm/lib/built-in.o
 .text.flush_dcache_all
                0x0000000000000000        0xc arch/arm/lib/built-in.o
 .text.arm_init_before_mmu
                0x0000000000000000        0x4 arch/arm/lib/built-in.o
 .text.mmu_page_table_flush
                0x0000000000000000        0x4 arch/arm/lib/built-in.o
 .data          0x0000000000000000        0x0 arch/arm/lib/built-in.o
 .__secure_start
                0x0000000000000000        0x0 arch/arm/lib/built-in.o
 .__secure_end  0x0000000000000000        0x0 arch/arm/lib/built-in.o
 .bss           0x0000000000000000        0x0 arch/arm/lib/built-in.o
 .text          0x0000000000000000        0x0 board/freescale/common/built-in.o
 .text.mmc_map_to_kernel_blk
[...]
Memory Configuration

Name             Origin             Length             Attributes
*default*        0x0000000000000000 0xffffffffffffffff

Linker script and memory map

Address of section .text set to 0x87800000
                0x0000000000000000                . = 0x0
                0x0000000000000000                . = ALIGN (0x4)

.text           0x0000000087800000    0x38230
 *(.__image_copy_start)
 .__image_copy_start
                0x0000000087800000        0x0 arch/arm/lib/built-in.o
                0x0000000087800000                __image_copy_start
 *(.vectors)
 .vectors       0x0000000087800000      0x2e8 arch/arm/lib/built-in.o
                0x0000000087800000                _start
                0x0000000087800020                _undefined_instruction
                0x0000000087800024                _software_interrupt
                0x0000000087800028                _prefetch_abort
                0x000000008780002c                _data_abort
                0x0000000087800030                _not_used
                0x0000000087800034                _irq
                0x0000000087800038                _fiq
                0x0000000087800040                IRQ_STACK_START_IN
 arch/arm/cpu/armv7/start.o(.text*)
 .text          0x00000000878002e8       0xb0 arch/arm/cpu/armv7/start.o
                0x00000000878002e8                reset
                0x00000000878002ec                save_boot_params_ret
                0x0000000087800328                c_runtime_cpu_setup
                0x0000000087800338                save_boot_params
                0x000000008780033c                cpu_init_cp15
                0x0000000087800390                cpu_init_crit
 *(.text*)
 .text          0x0000000087800398       0x24 arch/arm/cpu/armv7/built-in.o
                0x0000000087800398                lowlevel_init
 .text.v7_maint_dcache_all
                0x00000000878003bc       0xd0 arch/arm/cpu/armv7/built-in.o
 .text.invalidate_icache_all
                0x000000008780048c       0x18 arch/arm/cpu/armv7/built-in.o
                0x000000008780048c                invalidate_icache_all
 .text.v7_outer_cache_enable
                0x00000000878004a4        0x4 arch/arm/cpu/armv7/built-in.o
                0x00000000878004a4                v7_outer_cache_enable
 .text.v7_outer_cache_disable
                0x00000000878004a8        0x4 arch/arm/cpu/armv7/built-in.o
                0x00000000878004a8                v7_outer_cache_disable
 .text.v7_outer_cache_flush_all
                0x00000000878004ac        0x4 arch/arm/cpu/armv7/built-in.o
                0x00000000878004ac                v7_outer_cache_flush_all
 .text.flush_dcache_all
                0x00000000878004b0       0x14 arch/arm/cpu/armv7/built-in.o
                0x00000000878004b0                flush_dcache_all
 .text.v7_outer_cache_inval_all
                0x00000000878004c4        0x4 arch/arm/cpu/armv7/built-in.o
                0x00000000878004c4                v7_outer_cache_inval_all
 .text.invalidate_dcache_all
                0x00000000878004c8       0x14 arch/arm/cpu/armv7/built-in.o
                0x00000000878004c8                invalidate_dcache_all
 .text.arm_init_before_mmu
                0x00000000878004dc       0x28 arch/arm/cpu/armv7/built-in.o
                0x00000000878004dc                arm_init_before_mmu
 .text.v7_outer_cache_flush_range
                0x0000000087800504        0x4 arch/arm/cpu/armv7/built-in.o
                0x0000000087800504                v7_outer_cache_flush_range
 .text.flush_dcache_range
                0x0000000087800508       0x38 arch/arm/cpu/armv7/built-in.o
                0x0000000087800508                flush_dcache_range
 .text.mmu_page_table_flush
                0x0000000087800540       0x24 arch/arm/cpu/armv7/built-in.o
                0x0000000087800540                mmu_page_table_flush
 .text.v7_outer_cache_inval_range
                0x0000000087800564        0x4 arch/arm/cpu/armv7/built-in.o
                0x0000000087800564                v7_outer_cache_inval_range
 .text.invalidate_dcache_range
                0x0000000087800568       0xa8 arch/arm/cpu/armv7/built-in.o
                0x0000000087800568                invalidate_dcache_range
 .text.cpu_cache_initialization
                0x0000000087800610        0x4 arch/arm/cpu/armv7/built-in.o
                0x0000000087800610                cpu_cache_initialization
 .text.cleanup_before_linux_select
                0x0000000087800614       0x4c arch/arm/cpu/armv7/built-in.o
                0x0000000087800614                cleanup_before_linux_select
 .text.cleanup_before_linux
                0x0000000087800660        0x8 arch/arm/cpu/armv7/built-in.o
                0x0000000087800660                cleanup_before_linux
 .text.get_cpu_rev
                0x0000000087800668       0x90 arch/arm/cpu/armv7/built-in.o
                0x0000000087800668                get_cpu_rev
 .text.get_cpu_speed_grade_hz
                0x00000000878006f8      0x128 arch/arm/cpu/armv7/built-in.o
                0x00000000878006f8                get_cpu_speed_grade_hz
 .text.get_cpu_temp_grade
                0x0000000087800820       0x68 arch/arm/cpu/armv7/built-in.o
                0x0000000087800820                get_cpu_temp_grade
 .text.get_board_rev
                0x0000000087800888       0x40 arch/arm/cpu/armv7/built-in.o
                0x0000000087800888                get_board_rev
 .text.arch_cpu_init
                0x00000000878008c8      0x368 arch/arm/cpu/armv7/built-in.o
                0x00000000878008c8                arch_cpu_init
 .text.mmc_get_env_dev
                0x0000000087800c30       0x28 arch/arm/cpu/armv7/built-in.o
                0x0000000087800c30                mmc_get_env_dev
 .text.board_mmc_get_env_part
                0x0000000087800c58        0x8 arch/arm/cpu/armv7/built-in.o
                0x0000000087800c58                board_mmc_get_env_part
 .text.mmc_get_env_part
                0x0000000087800c60       0x28 arch/arm/cpu/armv7/built-in.o
                0x0000000087800c60                mmc_get_env_part
 .text.board_postclk_init
                0x0000000087800c88       0x70 arch/arm/cpu/armv7/built-in.o
                0x0000000087800c88                board_postclk_init
 .text.imx_get_mac_from_fuse
                0x0000000087800cf8       0xb8 arch/arm/cpu/armv7/built-in.o
                0x0000000087800cf8                imx_get_mac_from_fuse
 .text.get_boot_device
                0x0000000087800db0       0x9c arch/arm/cpu/armv7/built-in.o
                0x0000000087800db0                get_boot_device
 .text.set_wdog_reset
                0x0000000087800e4c       0x18 arch/arm/cpu/armv7/built-in.o
                0x0000000087800e4c                set_wdog_reset
 .text.reset_misc
                0x0000000087800e64        0x4 arch/arm/cpu/armv7/built-in.o
                0x0000000087800e64                reset_misc
 .text.s_init   0x0000000087800e68       0xa8 arch/arm/cpu/armv7/built-in.o
                0x0000000087800e68                s_init
 .text.get_ipg_clk
                0x0000000087800f10       0x28 arch/arm/cpu/armv7/built-in.o
 .text.get_uart_clk
                0x0000000087800f38       0xd8 arch/arm/cpu/armv7/built-in.o
 .text.mxc_get_pll_pfd
                0x0000000087801010       0xd4 arch/arm/cpu/armv7/built-in.o
 .text.get_usdhc_clk
                0x00000000878010e4       0xe8 arch/arm/cpu/armv7/built-in.o
 .text.enable_ocotp_clk
                0x00000000878011cc       0x24 arch/arm/cpu/armv7/built-in.o
                0x00000000878011cc                enable_ocotp_clk
 .text.enable_usboh3_clk
                0x00000000878011f0       0x24 arch/arm/cpu/armv7/built-in.o
                0x00000000878011f0                enable_usboh3_clk
 .text.enable_enet_clk
                0x0000000087801214       0x64 arch/arm/cpu/armv7/built-in.o
                0x0000000087801214                enable_enet_clk
 .text.enable_i2c_clk
                0x0000000087801278       0xd8 arch/arm/cpu/armv7/built-in.o
                0x0000000087801278                enable_i2c_clk
 .text.get_periph_clk
                0x0000000087801350       0xdc arch/arm/cpu/armv7/built-in.o
                0x0000000087801350                get_periph_clk
 .text.get_axi_clk
                0x000000008780142c       0x4c arch/arm/cpu/armv7/built-in.o
 .text.enable_fec_anatop_clock
                0x0000000087801478       0xf4 arch/arm/cpu/armv7/built-in.o
                0x0000000087801478                enable_fec_anatop_clock
 .text.imx_get_uartclk
                0x000000008780156c        0x4 arch/arm/cpu/armv7/built-in.o
                0x000000008780156c                imx_get_uartclk
 .text.enable_thermal_clk
                0x0000000087801570       0x48 arch/arm/cpu/armv7/built-in.o
                0x0000000087801570                enable_thermal_clk
 .text.mxc_get_clock
                0x00000000878015b8      0x4bc arch/arm/cpu/armv7/built-in.o
                0x00000000878015b8                mxc_get_clock
 .text.imx_get_fecclk
                0x0000000087801a74        0x8 arch/arm/cpu/armv7/built-in.o
                0x0000000087801a74                imx_get_fecclk
 .text.do_mx6_showclocks
                0x0000000087801a7c      0x230 arch/arm/cpu/armv7/built-in.o
                0x0000000087801a7c                do_mx6_showclocks
 .text.check_module_fused
                0x0000000087801cac       0x68 arch/arm/cpu/armv7/built-in.o
                0x0000000087801cac                check_module_fused
 .text.ft_system_setup
                0x0000000087801d14       0xf4 arch/arm/cpu/armv7/built-in.o
                0x0000000087801d14                ft_system_setup
 .text.mx6_esdhc_fused
                0x0000000087801e08       0x64 arch/arm/cpu/armv7/built-in.o
                0x0000000087801e08                mx6_esdhc_fused
 .text.mx6_usb_fused
                0x0000000087801e6c       0x14 arch/arm/cpu/armv7/built-in.o
                0x0000000087801e6c                mx6_usb_fused
 .text.mx6_i2c_fused
                0x0000000087801e80       0x64 arch/arm/cpu/armv7/built-in.o
                0x0000000087801e80                mx6_i2c_fused
 .text.mx6_enet_fused
                0x0000000087801ee4       0x34 arch/arm/cpu/armv7/built-in.o
                0x0000000087801ee4                mx6_enet_fused
 .text.imx_iomux_v3_setup_pad
                0x0000000087801f18       0xfc arch/arm/imx-common/built-in.o
                0x0000000087801f18                imx_iomux_v3_setup_pad
 .text.imx_iomux_v3_setup_multiple_pads
                0x0000000087802014       0x2c arch/arm/imx-common/built-in.o
                0x0000000087802014                imx_iomux_v3_setup_multiple_pads
 .text.imx_ddr_size
                0x0000000087802040       0x64 arch/arm/imx-common/built-in.o
                0x0000000087802040                imx_ddr_size
 .text.get_imx_type
                0x00000000878020a4       0x20 arch/arm/imx-common/built-in.o
                0x00000000878020a4                get_imx_type
 .text.print_cpuinfo
                0x00000000878020c4      0x228 arch/arm/imx-common/built-in.o
                0x00000000878020c4                print_cpuinfo
 .text.cpu_eth_init
                0x00000000878022ec        0x4 arch/arm/imx-common/built-in.o
                0x00000000878022ec                cpu_eth_init
 .text.cpu_mmc_init
                0x00000000878022f0        0x4 arch/arm/imx-common/built-in.o
                0x00000000878022f0                cpu_mmc_init
 .text.get_ahb_clk
                0x00000000878022f4       0x24 arch/arm/imx-common/built-in.o
                0x00000000878022f4                get_ahb_clk
 .text.arch_preboot_os
                0x0000000087802318        0x4 arch/arm/imx-common/built-in.o
                0x0000000087802318                arch_preboot_os
 .text.get_clocks
                0x000000008780231c       0x1c arch/arm/imx-common/built-in.o
                0x000000008780231c                get_clocks
 .text.force_idle_bus
                0x0000000087802338      0x1c4 arch/arm/imx-common/built-in.o
                0x0000000087802338                force_idle_bus
 .text.setup_i2c
                0x00000000878024fc       0xe4 arch/arm/imx-common/built-in.o
                0x00000000878024fc                setup_i2c
 .text.enable_caches
                0x00000000878025e0       0x34 arch/arm/imx-common/built-in.o
                0x00000000878025e0                enable_caches
 .text.init_aips
                0x0000000087802614       0xc0 arch/arm/imx-common/built-in.o
                0x0000000087802614                init_aips
 .text.imx_set_wdog_powerdown
                0x00000000878026d4       0xa0 arch/arm/imx-common/built-in.o
                0x00000000878026d4                imx_set_wdog_powerdown
 .text.init_src
                0x0000000087802774       0x18 arch/arm/imx-common/built-in.o
                0x0000000087802774                init_src
 .text.boot_mode_apply
                0x000000008780278c       0x24 arch/arm/imx-common/built-in.o
                0x000000008780278c                boot_mode_apply
 .text.timer_init
                0x00000000878027b0       0x3c arch/arm/imx-common/built-in.o
                0x00000000878027b0                timer_init
 .text.get_ticks
                0x00000000878027ec       0x18 arch/arm/imx-common/built-in.o
                0x00000000878027ec                get_ticks
 .text.get_timer_masked
                0x0000000087802804       0x58 arch/arm/imx-common/built-in.o
                0x0000000087802804                get_timer_masked
 .text.get_timer
                0x000000008780285c       0x14 arch/arm/imx-common/built-in.o
                0x000000008780285c                get_timer
 .text.__udelay
                0x0000000087802870       0x88 arch/arm/imx-common/built-in.o
                0x0000000087802870                __udelay
 .text.get_tbclk
                0x00000000878028f8        0x8 arch/arm/imx-common/built-in.o
                0x00000000878028f8                get_tbclk
 .text.create_usage
                0x0000000087802900       0xac arch/arm/imx-common/built-in.o
 .text.do_boot_mode
                0x00000000878029ac       0xd4 arch/arm/imx-common/built-in.o
 .text.add_board_boot_modes
                0x0000000087802a80       0x60 arch/arm/imx-common/built-in.o
                0x0000000087802a80                add_board_boot_modes
 .text          0x0000000087802ae0       0x90 arch/arm/lib/built-in.o
                0x0000000087802ae0                _main
 .text.relocate_vectors
                0x0000000087802b70       0x70 arch/arm/lib/built-in.o
                0x0000000087802b70                relocate_vectors
                0x0000000087802b7c                relocate_code
 .text.arch_fixup_fdt
                0x0000000087802be0       0x38 arch/arm/lib/built-in.o
                0x0000000087802be0                arch_fixup_fdt
 .text.boot_jump_linux
                0x0000000087802c18       0xc4 arch/arm/lib/built-in.o
 .text.arch_lmb_reserve
                0x0000000087802cdc       0x24 arch/arm/lib/built-in.o
                0x0000000087802cdc                arch_lmb_reserve
 .text.setup_board_tags
                0x0000000087802d00        0x4 arch/arm/lib/built-in.o
                0x0000000087802d00                setup_board_tags
 .text.boot_prep_linux
                0x0000000087802d04      0x1d4 arch/arm/lib/built-in.o
 .text.do_bootm_linux
                0x0000000087802ed8       0x64 arch/arm/lib/built-in.o
                0x0000000087802ed8                do_bootm_linux
 .text.bootz_setup
                0x0000000087802f3c       0x58 arch/arm/lib/built-in.o
                0x0000000087802f3c                bootz_setup
 .text.boot_prep_vxworks
                0x0000000087802f94       0x50 arch/arm/lib/built-in.o
                0x0000000087802f94                boot_prep_vxworks
 .text.boot_jump_vxworks
                0x0000000087802fe4        0xc arch/arm/lib/built-in.o
                0x0000000087802fe4                boot_jump_vxworks
 .text.arch_reserve_stacks
                0x0000000087802ff0       0x1c arch/arm/lib/built-in.o
                0x0000000087802ff0                arch_reserve_stacks
 .text.interrupt_init
                0x000000008780300c       0x1c arch/arm/lib/built-in.o
                0x000000008780300c                interrupt_init
 .text.enable_interrupts
                0x0000000087803028        0x4 arch/arm/lib/built-in.o
                0x0000000087803028                enable_interrupts
 .text.disable_interrupts
                0x000000008780302c        0x8 arch/arm/lib/built-in.o
                0x000000008780302c                disable_interrupts
 .text.bad_mode
                0x0000000087803034       0x10 arch/arm/lib/built-in.o
                0x0000000087803034                bad_mode
 .text.show_regs
                0x0000000087803044      0x174 arch/arm/lib/built-in.o
                0x0000000087803044                show_regs
 .text.do_undefined_instruction
                0x00000000878031b8       0x20 arch/arm/lib/built-in.o
                0x00000000878031b8                do_undefined_instruction
 .text.do_software_interrupt
                0x00000000878031d8       0x20 arch/arm/lib/built-in.o
                0x00000000878031d8                do_software_interrupt
 .text.do_prefetch_abort
                0x00000000878031f8       0x20 arch/arm/lib/built-in.o
                0x00000000878031f8                do_prefetch_abort
 .text.do_data_abort
                0x0000000087803218       0x20 arch/arm/lib/built-in.o
                0x0000000087803218                do_data_abort
 .text.do_not_used
                0x0000000087803238       0x20 arch/arm/lib/built-in.o
                0x0000000087803238                do_not_used
 .text.do_fiq   0x0000000087803258       0x20 arch/arm/lib/built-in.o
                0x0000000087803258                do_fiq
 .text.do_irq   0x0000000087803278       0x20 arch/arm/lib/built-in.o
                0x0000000087803278                do_irq
 .text.do_reset
                0x0000000087803298       0x30 arch/arm/lib/built-in.o
                0x0000000087803298                do_reset
 .text.flush_cache
                0x00000000878032c8        0x8 arch/arm/lib/built-in.o
                0x00000000878032c8                flush_cache
 .text.cp_delay
                0x00000000878032d0       0x30 arch/arm/lib/built-in.o
 .text.arm_init_domains
                0x0000000087803300        0x4 arch/arm/lib/built-in.o
                0x0000000087803300                arm_init_domains
 .text.set_section_dcache
                0x0000000087803304       0x14 arch/arm/lib/built-in.o
                0x0000000087803304                set_section_dcache
 .text.mmu_set_region_dcache_behaviour
                0x0000000087803318       0x4c arch/arm/lib/built-in.o
                0x0000000087803318                mmu_set_region_dcache_behaviour
 .text.dram_bank_mmu_setup
                0x0000000087803364       0x44 arch/arm/lib/built-in.o
                0x0000000087803364                dram_bank_mmu_setup
 .text.icache_enable
                0x00000000878033a8       0x18 arch/arm/lib/built-in.o
                0x00000000878033a8                icache_enable
 .text.icache_disable
                0x00000000878033c0       0x20 arch/arm/lib/built-in.o
                0x00000000878033c0                icache_disable
 .text.icache_status
                0x00000000878033e0        0xc arch/arm/lib/built-in.o
                0x00000000878033e0                icache_status
 .text.dcache_enable
                0x00000000878033ec       0x7c arch/arm/lib/built-in.o
                0x00000000878033ec                dcache_enable
 .text.dcache_disable
                0x0000000087803468       0x2c arch/arm/lib/built-in.o
                0x0000000087803468                dcache_disable
 .text.dcache_status
                0x0000000087803494        0xc arch/arm/lib/built-in.o
                0x0000000087803494                dcache_status
 .text.board_late_mmc_env_init
                0x00000000878034a0       0x9c board/freescale/common/built-in.o
                0x00000000878034a0                board_late_mmc_env_init
 .text.dynamic_fdt_file_selection
                0x000000008780353c       0x34 board/freescale/imx6_truxd01_som/built-in.o
                0x000000008780353c                dynamic_fdt_file_selection
 .text.power_init_board
                0x0000000087803570       0xd0 board/freescale/imx6_truxd01_som/built-in.o
                0x0000000087803570                power_init_board
 .text.dram_init
                0x0000000087803640       0x18 board/freescale/imx6_truxd01_som/built-in.o
                0x0000000087803640                dram_init
 .text.board_mmc_get_env_dev
                0x0000000087803658       0x24 board/freescale/imx6_truxd01_som/built-in.o
                0x0000000087803658                board_mmc_get_env_dev
 .text.mmc_map_to_kernel_blk
                0x000000008780367c       0x24 board/freescale/imx6_truxd01_som/built-in.o
                0x000000008780367c                mmc_map_to_kernel_blk
 .text.board_mmc_getcd
                0x00000000878036a0       0x8c board/freescale/imx6_truxd01_som/built-in.o
                0x00000000878036a0                board_mmc_getcd
 .text.board_mmc_init
                0x000000008780372c       0xa8 board/freescale/imx6_truxd01_som/built-in.o
                0x000000008780372c                board_mmc_init
 .text.board_usb_phy_mode
                0x00000000878037d4       0x14 board/freescale/imx6_truxd01_som/built-in.o
                0x00000000878037d4                board_usb_phy_mode
 .text.board_ehci_hcd_init
                0x00000000878037e8       0x28 board/freescale/imx6_truxd01_som/built-in.o
                0x00000000878037e8                board_ehci_hcd_init
 .text.board_eth_init
                0x0000000087803810       0x34 board/freescale/imx6_truxd01_som/built-in.o
                0x0000000087803810                board_eth_init
 .text.board_phy_config
                0x0000000087803844       0x4c board/freescale/imx6_truxd01_som/built-in.o
                0x0000000087803844                board_phy_config
 .text.board_early_init_f
                0x0000000087803890       0x4c board/freescale/imx6_truxd01_som/built-in.o
                0x0000000087803890                board_early_init_f
 .text.board_init
                0x00000000878038dc       0xf4 board/freescale/imx6_truxd01_som/built-in.o
                0x00000000878038dc                board_init
 .text.board_late_init
                0x00000000878039d0       0x98 board/freescale/imx6_truxd01_som/built-in.o
                0x00000000878039d0                board_late_init
 .text.checkboard
                0x0000000087803a68       0x74 board/freescale/imx6_truxd01_som/built-in.o
                0x0000000087803a68                checkboard
 .text.truxd01_fdt_update
                0x0000000087803adc      0x110 board/freescale/imx6_truxd01_som/built-in.o
                0x0000000087803adc                truxd01_fdt_update
 .text.do_go_exec
                0x0000000087803bec       0x10 cmd/built-in.o
                0x0000000087803bec                do_go_exec
 .text.do_go    0x0000000087803bfc       0x6c cmd/built-in.o
 .text.do_bootm
                0x0000000087803c68      0x10c cmd/built-in.o
                0x0000000087803c68                do_bootm
 .text.do_bootd
                0x0000000087803d74       0x20 cmd/built-in.o
                0x0000000087803d74                do_bootd
 .text.image_info
                0x0000000087803d94       0xcc cmd/built-in.o
 .text.do_iminfo
                0x0000000087803e60       0x5c cmd/built-in.o
 .text.bootm_maybe_autostart
                0x0000000087803ebc       0x78 cmd/built-in.o
                0x0000000087803ebc                bootm_maybe_autostart
 .text.do_bootz
                0x0000000087803f34       0xf8 cmd/built-in.o
                0x0000000087803f34                do_bootz
 .text.do_help  0x000000008780402c       0x44 cmd/built-in.o
 .text.do_version
                0x0000000087804070       0x38 cmd/built-in.o
 .text.source   0x00000000878040a8       0xd8 cmd/built-in.o
                0x00000000878040a8                source
 .text.do_source
                0x0000000087804180       0x48 cmd/built-in.o
 .text.print_num
                0x00000000878041c8       0x14 cmd/built-in.o
 .text.do_bdinfo
                0x00000000878041dc      0x180 cmd/built-in.o
 .text.parse_argv
                0x000000008780435c       0x64 cmd/built-in.o
 .text.do_icache
                0x00000000878043c0       0x88 cmd/built-in.o
 .text.do_dcache
                0x0000000087804448       0x88 cmd/built-in.o
 .text.do_coninfo
                0x00000000878044d0       0xb0 cmd/built-in.o
 .text.do_echo  0x0000000087804580       0xb0 cmd/built-in.o
 .text.load_elf_image_shdr
                0x0000000087804630       0x8c cmd/built-in.o
 .text.valid_elf_image
                0x00000000878046bc       0x4c cmd/built-in.o
                0x00000000878046bc                valid_elf_image
 .text.do_bootelf
                0x0000000087804708      0x1b0 cmd/built-in.o
                0x0000000087804708                do_bootelf
 .text.do_bootvx
                0x00000000878048b8      0x330 cmd/built-in.o
                0x00000000878048b8                do_bootvx
 .text.do_exit  0x0000000087804be8       0x3c cmd/built-in.o
 .text.do_ext4_size
                0x0000000087804c24       0x18 cmd/built-in.o
                0x0000000087804c24                do_ext4_size
 .text.do_ext4_load
                0x0000000087804c3c       0x18 cmd/built-in.o
                0x0000000087804c3c                do_ext4_load
 .text.do_ext4_ls
                0x0000000087804c54       0x18 cmd/built-in.o
                0x0000000087804c54                do_ext4_ls
 .text.do_ext4_write
                0x0000000087804c6c       0x18 cmd/built-in.o
                0x0000000087804c6c                do_ext4_write
 .text.do_ext2load
                0x0000000087804c84       0x18 cmd/built-in.o
                0x0000000087804c84                do_ext2load
 .text.do_ext2ls
                0x0000000087804c9c       0x18 cmd/built-in.o
 .text.do_fat_size
                0x0000000087804cb4       0x18 cmd/built-in.o
                0x0000000087804cb4                do_fat_size
 .text.do_fat_fsload
                0x0000000087804ccc       0x18 cmd/built-in.o
                0x0000000087804ccc                do_fat_fsload
 .text.do_fat_ls
                0x0000000087804ce4       0x18 cmd/built-in.o
 .text.do_fat_fsinfo
                0x0000000087804cfc       0x90 cmd/built-in.o
 .text.fdt_valid
                0x0000000087804d8c       0xbc cmd/built-in.o
 .text.is_printable_string
                0x0000000087804e48       0x9c cmd/built-in.o
 .text.print_data
                0x0000000087804ee4      0x174 cmd/built-in.o
 .text.set_working_fdt_addr
                0x0000000087805058       0x1c cmd/built-in.o
                0x0000000087805058                set_working_fdt_addr
 .text.do_fdt   0x0000000087805074      0xea0 cmd/built-in.o
 .text.do_flerase
                0x0000000087805f14        0x8 cmd/built-in.o
 .text.do_protect
                0x0000000087805f1c       0x10 cmd/built-in.o
 .text.do_flinfo
                0x0000000087805f2c        0x8 cmd/built-in.o
 .text.do_size_wrapper
                0x0000000087805f34       0x18 cmd/built-in.o
 .text.do_load_wrapper
                0x0000000087805f4c       0x18 cmd/built-in.o
 .text.do_save_wrapper
                0x0000000087805f64       0x18 cmd/built-in.o
 .text.do_ls_wrapper
                0x0000000087805f7c       0x18 cmd/built-in.o
 .text.do_fstype_wrapper
                0x0000000087805f94        0x4 cmd/built-in.o
 .text.strtou32
                0x0000000087805f98       0x44 cmd/built-in.o
 .text.do_fuse  0x0000000087805fdc      0x358 cmd/built-in.o
 .text.name_to_gpio
                0x0000000087806334        0xc cmd/built-in.o
                0x0000000087806334                name_to_gpio
 .text.do_gpio  0x0000000087806340      0x154 cmd/built-in.o
 .text.do_i2c   0x0000000087806494       0x68 cmd/built-in.o
 .text.do_i2c_bus_speed
                0x00000000878064fc       0x78 cmd/built-in.o
 .text.do_i2c_reset
                0x0000000087806574       0x2c cmd/built-in.o
 .text.do_i2c_probe
                0x00000000878065a0       0x9c cmd/built-in.o
 .text.do_i2c_bus_num
                0x000000008780663c       0xb8 cmd/built-in.o
 .text.do_i2c_show_bus
                0x00000000878066f4       0xd0 cmd/built-in.o
 .text.get_alen.constprop.5
                0x00000000878067c4       0x3c cmd/built-in.o
 .text.do_i2c_crc
                0x0000000087806800      0x120 cmd/built-in.o
 .text.mod_i2c_mem.isra.3
                0x0000000087806920      0x1f0 cmd/built-in.o
 .text.do_i2c_nm
                0x0000000087806b10        0x8 cmd/built-in.o
 .text.do_i2c_mm
                0x0000000087806b18        0x8 cmd/built-in.o
 .text.do_i2c_md
                0x0000000087806b20      0x1e4 cmd/built-in.o
 .text.do_i2c_read
                0x0000000087806d04       0xbc cmd/built-in.o
 .text.do_i2c_mw
                0x0000000087806dc0       0xfc cmd/built-in.o
 .text.do_i2c_write
                0x0000000087806ebc      0x14c cmd/built-in.o
 .text.do_i2c_loop
                0x0000000087807008       0xe4 cmd/built-in.o
 .text.i2c_init_board
                0x00000000878070ec        0x4 cmd/built-in.o
                0x00000000878070ec                i2c_init_board
 .text.evalexp  0x00000000878070f0       0x78 cmd/built-in.o
 .text.evalstr  0x0000000087807168       0x6c cmd/built-in.o
 .text.binary_test
                0x00000000878071d4      0x1c0 cmd/built-in.o
 .text.do_itest
                0x0000000087807394       0x88 cmd/built-in.o
 .text.bin_data_init
                0x000000008780741c       0x2c cmd/built-in.o
 .text.k_data_save
                0x0000000087807448       0x4c cmd/built-in.o
 .text.k_data_restore
                0x0000000087807494       0x4c cmd/built-in.o
 .text.getcxmodem
                0x00000000878074e0       0x20 cmd/built-in.o
 .text.load_serial_ymodem
                0x0000000087807500       0xcc cmd/built-in.o
 .text.bin_data_char
                0x00000000878075cc       0x2c cmd/built-in.o
 .text.chk1.constprop.1
                0x00000000878075f8       0x2c cmd/built-in.o
 .text.s1_sendpacket.constprop.2
                0x0000000087807624       0x50 cmd/built-in.o
 .text.load_serial
                0x0000000087807674      0x1f0 cmd/built-in.o
 .text.do_load_serial
                0x0000000087807864       0xdc cmd/built-in.o
 .text.do_load_serial_bin
                0x0000000087807940      0x7a8 cmd/built-in.o
 .text.do_mem_mw
                0x00000000878080e8       0xc0 cmd/built-in.o
 .text.do_mem_loop
                0x00000000878081a8       0xec cmd/built-in.o
 .text.do_mem_md
                0x0000000087808294       0xe4 cmd/built-in.o
 .text.do_mem_cmp
                0x0000000087808378      0x168 cmd/built-in.o
 .text.do_mem_base
                0x00000000878084e0       0x40 cmd/built-in.o
 .text.do_mem_cp
                0x0000000087808520       0xd8 cmd/built-in.o
 .text.do_mem_crc
                0x00000000878085f8       0x48 cmd/built-in.o
 .text.do_mem_mtest
                0x0000000087808640      0x224 cmd/built-in.o
 .text.mod_mem.isra.0
                0x0000000087808864      0x16c cmd/built-in.o
 .text.do_mem_mm
                0x00000000878089d0        0x8 cmd/built-in.o
 .text.do_mem_nm
                0x00000000878089d8        0x8 cmd/built-in.o
 .text.do_sleep
                0x00000000878089e0       0x70 cmd/built-in.o
 .text.do_mmcops
                0x0000000087808a50       0xb8 cmd/built-in.o
 .text.init_mmc_device
                0x0000000087808b08       0x54 cmd/built-in.o
 .text.do_mmc_rescan
                0x0000000087808b5c       0x24 cmd/built-in.o
 .text.do_mmc_rst_func
                0x0000000087808b80       0xa0 cmd/built-in.o
 .text.do_mmc_partconf
                0x0000000087808c20       0xb4 cmd/built-in.o
 .text.do_mmc_boot_resize
                0x0000000087808cd4       0xcc cmd/built-in.o
 .text.do_mmc_bootbus
                0x0000000087808da0       0xb4 cmd/built-in.o
 .text.do_mmc_hwpartition
                0x0000000087808e54      0x510 cmd/built-in.o
 .text.do_mmc_list
                0x0000000087809364       0x14 cmd/built-in.o
 .text.do_mmc_dev
                0x0000000087809378      0x134 cmd/built-in.o
 .text.do_mmc_part
                0x00000000878094ac       0x5c cmd/built-in.o
 .text.do_mmc_erase
                0x0000000087809508       0xe8 cmd/built-in.o
 .text.do_mmc_write
                0x00000000878095f0      0x100 cmd/built-in.o
 .text.do_mmc_read
                0x00000000878096f0       0xec cmd/built-in.o
 .text.do_mmcinfo
                0x00000000878097dc      0x370 cmd/built-in.o
 .text.do_mmc_setdsr
                0x0000000087809b4c       0xb0 cmd/built-in.o
 .text.netboot_common
                0x0000000087809bfc      0x294 cmd/built-in.o
 .text.do_bootp
                0x0000000087809e90        0xc cmd/built-in.o
 .text.do_dhcp  0x0000000087809e9c        0xc cmd/built-in.o
 .text.do_nfs   0x0000000087809ea8        0xc cmd/built-in.o
 .text.do_tftpb
                0x0000000087809eb4       0x40 cmd/built-in.o
                0x0000000087809eb4                do_tftpb
 .text.do_ping  0x0000000087809ef4       0x78 cmd/built-in.o
 .text.substitute
                0x0000000087809f6c       0xf0 cmd/built-in.o
 .text.get_arg  0x000000008780a05c       0x58 cmd/built-in.o
 .text.regex_sub
                0x000000008780a0b4      0x450 cmd/built-in.o
 .text.do_setexpr
                0x000000008780a504      0x1a0 cmd/built-in.o
 .text.do_false
                0x000000008780a6a4        0x8 cmd/built-in.o
 .text.do_true  0x000000008780a6ac        0x8 cmd/built-in.o
 .text.do_test  0x000000008780a6b4      0x338 cmd/built-in.o
 .text.usb_get_class_desc
                0x000000008780a9ec       0xbc cmd/built-in.o
 .text.usb_find_device
                0x000000008780aaa8       0x3c cmd/built-in.o
 .text.usb_show_tree_graph
                0x000000008780aae4      0x228 cmd/built-in.o
 .text.usb_display_class_sub
                0x000000008780ad0c      0x170 cmd/built-in.o
 .text.usb_display_string
                0x000000008780ae7c       0x44 cmd/built-in.o
 .text.usb_display_config
                0x000000008780aec0      0x20c cmd/built-in.o
 .text.do_usbboot
                0x000000008780b0cc        0xc cmd/built-in.o
 .text.usb_display_desc.part.1
                0x000000008780b0d8      0x12c cmd/built-in.o
 .text.do_usb_start
                0x000000008780b204       0x38 cmd/built-in.o
 .text.usb_show_tree
                0x000000008780b23c       0x54 cmd/built-in.o
                0x000000008780b23c                usb_show_tree
 .text.do_usb   0x000000008780b290      0x750 cmd/built-in.o
 .text.do_imgextract
                0x000000008780b9e0      0x290 cmd/built-in.o
 .text.do_env_delete
                0x000000008780bc70       0x9c cmd/built-in.o
 .text.do_env_exists
                0x000000008780bd0c       0x64 cmd/built-in.o
 .text.do_env_save
                0x000000008780bd70       0x2c cmd/built-in.o
 .text.do_env   0x000000008780bd9c       0x68 cmd/built-in.o
 .text.env_print
                0x000000008780be04       0xc0 cmd/built-in.o
 .text.do_env_print
                0x000000008780bec4       0xc4 cmd/built-in.o
 .text.do_env_import
                0x000000008780bf88      0x284 cmd/built-in.o
 .text.do_env_default
                0x000000008780c20c       0xa8 cmd/built-in.o
 .text._do_env_set.isra.0
                0x000000008780c2b4      0x1bc cmd/built-in.o
 .text.do_env_set
                0x000000008780c470       0x20 cmd/built-in.o
 .text.get_env_id
                0x000000008780c490       0x10 cmd/built-in.o
                0x000000008780c490                get_env_id
 .text.setenv   0x000000008780c4a0       0x60 cmd/built-in.o
                0x000000008780c4a0                setenv
 .text.setenv_ulong
                0x000000008780c500       0x20 cmd/built-in.o
                0x000000008780c500                setenv_ulong
 .text.setenv_hex
                0x000000008780c520       0x34 cmd/built-in.o
                0x000000008780c520                setenv_hex
 .text.do_env_export
                0x000000008780c554      0x258 cmd/built-in.o
 .text.envmatch
                0x000000008780c7ac       0x6c cmd/built-in.o
                0x000000008780c7ac                envmatch
 .text.getenv_f
                0x000000008780c818       0xc0 cmd/built-in.o
                0x000000008780c818                getenv_f
 .text.getenv   0x000000008780c8d8       0x78 cmd/built-in.o
                0x000000008780c8d8                getenv
 .text.getenv_hex
                0x000000008780c950       0x3c cmd/built-in.o
                0x000000008780c950                getenv_hex
 .text.getenv_ulong
                0x000000008780c98c       0x30 cmd/built-in.o
                0x000000008780c98c                getenv_ulong
 .text.do_env_edit.part.2
                0x000000008780c9bc       0xa4 cmd/built-in.o
 .text.do_env_edit
                0x000000008780ca60       0x2c cmd/built-in.o
 .text.common_diskboot
                0x000000008780ca8c      0x238 cmd/built-in.o
                0x000000008780ca8c                common_diskboot
 .text.board_init_f_alloc_reserve
                0x000000008780ccc4       0x10 common/built-in.o
                0x000000008780ccc4                board_init_f_alloc_reserve
 .text.board_init_f_init_reserve
                0x000000008780ccd4       0x20 common/built-in.o
                0x000000008780ccd4                board_init_f_init_reserve
 .text.show_boot_progress
                0x000000008780ccf4        0x4 common/built-in.o
                0x000000008780ccf4                show_boot_progress
 .text.main_loop
                0x000000008780ccf8       0x20 common/built-in.o
                0x000000008780ccf8                main_loop
 .text.dummy    0x000000008780cd18        0x4 common/built-in.o
 .text.get_version
                0x000000008780cd1c        0x8 common/built-in.o
                0x000000008780cd1c                get_version
 .text.jumptable_init
                0x000000008780cd24      0x1e0 common/built-in.o
                0x000000008780cd24                jumptable_init
 .text.hash_command
                0x000000008780cf04       0xb4 common/built-in.o
                0x000000008780cf04                hash_command
 .text.b_reset  0x000000008780cfb8       0x1c common/built-in.o
 .text.static_get
                0x000000008780cfd4       0x1c common/built-in.o
 .text.file_peek
                0x000000008780cff0        0xc common/built-in.o
 .text.mapset   0x000000008780cffc       0x20 common/built-in.o
 .text.syntax_err
                0x000000008780d01c        0xc common/built-in.o
 .text.free_pipe_list
                0x000000008780d028       0xf4 common/built-in.o
 .text.xmalloc  0x000000008780d11c       0x20 common/built-in.o
 .text.new_pipe
                0x000000008780d13c       0x28 common/built-in.o
 .text.xrealloc
                0x000000008780d164       0x20 common/built-in.o
 .text.done_command
                0x000000008780d184       0x88 common/built-in.o
 .text.done_pipe
                0x000000008780d20c       0x48 common/built-in.o
 .text.done_word
                0x000000008780d254      0x2e4 common/built-in.o
 .text.do_showvar
                0x000000008780d538       0xf4 common/built-in.o
 .text.is_assignment
                0x000000008780d62c       0x5c common/built-in.o
 .text.file_get
                0x000000008780d688      0x1f0 common/built-in.o
 .text.b_addchr
                0x000000008780d878       0x80 common/built-in.o
 .text.b_addqchr
                0x000000008780d8f8       0x50 common/built-in.o
 .text.static_peek
                0x000000008780d948        0xc common/built-in.o
 .text.get_local_var
                0x000000008780d954       0xa0 common/built-in.o
                0x000000008780d954                get_local_var
 .text.set_local_var
                0x000000008780d9f4      0x1bc common/built-in.o
                0x000000008780d9f4                set_local_var
 .text.insert_var_value_sub
                0x000000008780dbb0      0x2c0 common/built-in.o
 .text.parse_string_outer
                0x000000008780de70       0xe4 common/built-in.o
                0x000000008780de70                parse_string_outer
 .text.run_list_real
                0x000000008780df54      0x7b8 common/built-in.o
 .text.parse_stream_outer
                0x000000008780e70c      0x6d0 common/built-in.o
 .text.parse_file_outer
                0x000000008780eddc       0x44 common/built-in.o
                0x000000008780eddc                parse_file_outer
 .text.u_boot_hush_start
                0x000000008780ee20       0x54 common/built-in.o
                0x000000008780ee20                u_boot_hush_start
 .text.bootdelay_process
                0x000000008780ee74       0xd0 common/built-in.o
                0x000000008780ee74                bootdelay_process
 .text.autoboot_command
                0x000000008780ef44       0xd0 common/built-in.o
                0x000000008780ef44                autoboot_command
 .text.setup_mon_len
                0x000000008780f014       0x20 common/built-in.o
 .text.reserve_round_4k
                0x000000008780f034       0x18 common/built-in.o
 .text.reserve_mmu
                0x000000008780f04c       0x38 common/built-in.o
 .text.reserve_uboot
                0x000000008780f084       0x30 common/built-in.o
 .text.reserve_malloc
                0x000000008780f0b4       0x18 common/built-in.o
 .text.reserve_global_data
                0x000000008780f0cc       0x1c common/built-in.o
 .text.reserve_fdt
                0x000000008780f0e8       0x4c common/built-in.o
 .text.initf_console_record
                0x000000008780f134        0x8 common/built-in.o
 .text.arch_cpu_init_dm
                0x000000008780f13c        0x8 common/built-in.o
                0x000000008780f13c                arch_cpu_init_dm
 .text.announce_dram_init
                0x000000008780f144       0x18 common/built-in.o
 .text.init_func_i2c
                0x000000008780f15c       0x28 common/built-in.o
 .text.init_baud_rate
                0x000000008780f184       0x2c common/built-in.o
 .text.mark_bootstage
                0x000000008780f1b0       0x14 common/built-in.o
 .text.initf_dm
                0x000000008780f1c4        0x8 common/built-in.o
 .text.setup_reloc
                0x000000008780f1cc       0x40 common/built-in.o
 .text.reloc_fdt
                0x000000008780f20c       0x44 common/built-in.o
 .text.reserve_board
                0x000000008780f250       0x40 common/built-in.o
 .text.reserve_arch
                0x000000008780f290        0x8 common/built-in.o
                0x000000008780f290                reserve_arch
 .text.display_text_info
                0x000000008780f298        0x8 common/built-in.o
 .text.reserve_trace
                0x000000008780f2a0        0x8 common/built-in.o
 .text.setup_machine
                0x000000008780f2a8        0x8 common/built-in.o
 .text.display_new_sp
                0x000000008780f2b0        0x8 common/built-in.o
 .text.coloured_LED_init
                0x000000008780f2b8        0x4 common/built-in.o
                0x000000008780f2b8                coloured_LED_init
 .text.red_led_on
                0x000000008780f2bc        0x4 common/built-in.o
                0x000000008780f2bc                red_led_on
 .text.board_add_ram_info
                0x000000008780f2c0        0x4 common/built-in.o
                0x000000008780f2c0                board_add_ram_info
 .text.show_dram_config
                0x000000008780f2c4       0x38 common/built-in.o
 .text.dram_init_banksize
                0x000000008780f2fc       0x20 common/built-in.o
                0x000000008780f2fc                dram_init_banksize
 .text.setup_dram_config
                0x000000008780f31c       0x10 common/built-in.o
 .text.board_get_usable_ram_top
                0x000000008780f32c       0x14 common/built-in.o
                0x000000008780f32c                board_get_usable_ram_top
 .text.board_reserve_ram_top
                0x000000008780f340        0x4 common/built-in.o
                0x000000008780f340                board_reserve_ram_top
 .text.setup_dest_addr
                0x000000008780f344       0x4c common/built-in.o
 .text.reserve_stacks
                0x000000008780f390       0x1c common/built-in.o
 .text.board_init_f
                0x000000008780f3ac       0x28 common/built-in.o
                0x000000008780f3ac                board_init_f
 .text.bootstage_relocate
                0x000000008780f3d4        0x8 common/built-in.o
 .text.initr_reloc
                0x000000008780f3dc       0x18 common/built-in.o
 .text.initr_reloc_global_data
                0x000000008780f3f4       0x28 common/built-in.o
 .text.initr_announce
                0x000000008780f41c        0x8 common/built-in.o
 .text.run_main_loop
                0x000000008780f424        0xc common/built-in.o
 .text.initr_net
                0x000000008780f430       0x1c common/built-in.o
 .text.initr_ethaddr
                0x000000008780f44c       0x20 common/built-in.o
 .text.initr_enable_interrupts
                0x000000008780f46c       0x10 common/built-in.o
 .text.initr_jumptable
                0x000000008780f47c       0x10 common/built-in.o
 .text.initr_env
                0x000000008780f48c       0x30 common/built-in.o
 .text.initr_mmc
                0x000000008780f4bc       0x20 common/built-in.o
 .text.initr_serial
                0x000000008780f4dc       0x10 common/built-in.o
 .text.initr_bootstage
                0x000000008780f4ec       0x14 common/built-in.o
 .text.initr_dm
                0x000000008780f500       0x14 common/built-in.o
 .text.initr_malloc
                0x000000008780f514       0x24 common/built-in.o
 .text.initr_caches
                0x000000008780f538       0x10 common/built-in.o
 .text.initr_console_record
                0x000000008780f548        0x8 common/built-in.o
 .text.initr_trace
                0x000000008780f550        0x8 common/built-in.o
 .text.initr_barrier
                0x000000008780f558        0x8 common/built-in.o
 .text.cpu_secondary_init_r
                0x000000008780f560        0x4 common/built-in.o
                0x000000008780f560                cpu_secondary_init_r
 .text.initr_secondary_cpu
                0x000000008780f564       0x10 common/built-in.o
 .text.board_init_r
                0x000000008780f574       0x14 common/built-in.o
                0x000000008780f574                board_init_r
 .text.show_board_info
                0x000000008780f588        0x4 common/built-in.o
                0x000000008780f588                show_board_info
 .text.bootm_find_images
                0x000000008780f58c       0xa8 common/built-in.o
                0x000000008780f58c                bootm_find_images
 .text.bootm_decomp_image
                0x000000008780f634      0x14c common/built-in.o
                0x000000008780f634                bootm_decomp_image
 .text.bootm_disable_interrupts
                0x000000008780f780       0x18 common/built-in.o
                0x000000008780f780                bootm_disable_interrupts
 .text.do_bootm_states
                0x000000008780f798      0x750 common/built-in.o
                0x000000008780f798                do_bootm_states
 .text.copy_args
                0x000000008780fee8       0x50 common/built-in.o
 .text.do_bootm_rtems
                0x000000008780ff38       0x40 common/built-in.o
 .text.do_bootm_plan9
                0x000000008780ff78       0xa4 common/built-in.o
 .text.do_bootm_standalone
                0x000000008781001c       0x64 common/built-in.o
 .text.do_bootm_qnxelf
                0x0000000087810080       0x5c common/built-in.o
 .text.do_bootm_netbsd
                0x00000000878100dc       0xf8 common/built-in.o
 .text.do_bootvx_fdt
                0x00000000878101d4      0x118 common/built-in.o
                0x00000000878101d4                do_bootvx_fdt
 .text.do_bootm_vxworks
                0x00000000878102ec       0x24 common/built-in.o
 .text.boot_selected_os
                0x0000000087810310       0x58 common/built-in.o
                0x0000000087810310                boot_selected_os
 .text.bootm_os_get_boot_func
                0x0000000087810368       0x10 common/built-in.o
                0x0000000087810368                bootm_os_get_boot_func
 .text.regex_callback
                0x0000000087810378      0x134 common/built-in.o
 .text.env_attr_walk
                0x00000000878104ac      0x128 common/built-in.o
                0x00000000878104ac                env_attr_walk
 .text.env_attr_lookup
                0x00000000878105d4       0x84 common/built-in.o
                0x00000000878105d4                env_attr_lookup
 .text.clear_callback
                0x0000000087810658       0x10 common/built-in.o
 .text.find_env_callback
                0x0000000087810668       0x64 common/built-in.o
 .text.on_callbacks
                0x00000000878106cc       0x50 common/built-in.o
 .text.set_callback
                0x000000008781071c       0x98 common/built-in.o
 .text.env_callback_init
                0x00000000878107b4       0xc4 common/built-in.o
                0x00000000878107b4                env_callback_init
 .text.skip_num
                0x0000000087810878       0x78 common/built-in.o
 .text.clear_flags
                0x00000000878108f0       0x10 common/built-in.o
 .text.on_flags
                0x0000000087810900       0x50 common/built-in.o
 .text.env_flags_parse_vartype
                0x0000000087810950       0x50 common/built-in.o
                0x0000000087810950                env_flags_parse_vartype
 .text.env_flags_parse_varaccess
                0x00000000878109a0       0x58 common/built-in.o
                0x00000000878109a0                env_flags_parse_varaccess
 .text.set_flags
                0x00000000878109f8       0xb0 common/built-in.o
 .text.eth_validate_ethaddr_str
                0x0000000087810aa8       0x94 common/built-in.o
                0x0000000087810aa8                eth_validate_ethaddr_str
 .text.env_flags_init
                0x0000000087810b3c       0xd8 common/built-in.o
                0x0000000087810b3c                env_flags_init
 .text.env_flags_validate
                0x0000000087810c14      0x2b8 common/built-in.o
                0x0000000087810c14                env_flags_validate
 .text.mmc_get_env_addr
                0x0000000087810ecc       0x10 common/built-in.o
                0x0000000087810ecc                mmc_get_env_addr
 .text.fini_mmc_for_env.isra.0
                0x0000000087810edc       0x1c common/built-in.o
 .text.env_init
                0x0000000087810ef8       0x1c common/built-in.o
                0x0000000087810ef8                env_init
 .text.init_mmc_for_env
                0x0000000087810f14       0x78 common/built-in.o
 .text.saveenv  0x0000000087810f8c      0x114 common/built-in.o
                0x0000000087810f8c                saveenv
 .text.env_relocate_spec
                0x00000000878110a0       0xe0 common/built-in.o
                0x00000000878110a0                env_relocate_spec
 .text.fdt_find_and_setprop
                0x0000000087811180       0x70 common/built-in.o
                0x0000000087811180                fdt_find_and_setprop
 .text.fdt_find_or_add_subnode
                0x00000000878111f0       0x60 common/built-in.o
                0x00000000878111f0                fdt_find_or_add_subnode
 .text.fdt_root
                0x0000000087811250       0x90 common/built-in.o
                0x0000000087811250                fdt_root
 .text.fdt_initrd
                0x00000000878112e0      0x1cc common/built-in.o
                0x00000000878112e0                fdt_initrd
 .text.fdt_chosen
                0x00000000878114ac       0xa8 common/built-in.o
                0x00000000878114ac                fdt_chosen
 .text.do_fixup_by_path
                0x0000000087811554       0x54 common/built-in.o
                0x0000000087811554                do_fixup_by_path
 .text.do_fixup_by_path_u32
                0x00000000878115a8       0x2c common/built-in.o
                0x00000000878115a8                do_fixup_by_path_u32
 .text.fdt_fixup_memory_banks
                0x00000000878115d4      0x1b0 common/built-in.o
                0x00000000878115d4                fdt_fixup_memory_banks
 .text.fdt_fixup_memory
                0x0000000087811784       0x20 common/built-in.o
                0x0000000087811784                fdt_fixup_memory
 .text.fdt_fixup_ethernet
                0x00000000878117a4      0x174 common/built-in.o
                0x00000000878117a4                fdt_fixup_ethernet
 .text.fdt_shrink_to_minimum
                0x0000000087811918       0xcc common/built-in.o
                0x0000000087811918                fdt_shrink_to_minimum
 .text.fdt_increase_size
                0x00000000878119e4       0x14 common/built-in.o
                0x00000000878119e4                fdt_increase_size
 .text.fdt_alloc_phandle
                0x00000000878119f8       0x58 common/built-in.o
                0x00000000878119f8                fdt_alloc_phandle
 .text.fdt_set_phandle
                0x0000000087811a50       0x60 common/built-in.o
                0x0000000087811a50                fdt_set_phandle
 .text.fdt_create_phandle
                0x0000000087811ab0       0x64 common/built-in.o
                0x0000000087811ab0                fdt_create_phandle
 .text.miiphy_get_dev_by_name
                0x0000000087811b14       0x60 common/built-in.o
                0x0000000087811b14                miiphy_get_dev_by_name
 .text.miiphy_init
                0x0000000087811b74       0x24 common/built-in.o
                0x0000000087811b74                miiphy_init
 .text.mdio_alloc
                0x0000000087811b98       0x30 common/built-in.o
                0x0000000087811b98                mdio_alloc
 .text.mdio_register
                0x0000000087811bc8       0x94 common/built-in.o
                0x0000000087811bc8                mdio_register
 .text.mdio_unregister
                0x0000000087811c5c       0x3c common/built-in.o
                0x0000000087811c5c                mdio_unregister
 .text.usb_set_maxpacket_ep
                0x0000000087811c98       0x70 common/built-in.o
 .text.usb_stop
                0x0000000087811d08       0x80 common/built-in.o
                0x0000000087811d08                usb_stop
 .text.usb_disable_asynch
                0x0000000087811d88       0x20 common/built-in.o
                0x0000000087811d88                usb_disable_asynch
 .text.usb_control_msg
                0x0000000087811da8       0xc0 common/built-in.o
                0x0000000087811da8                usb_control_msg
 .text.usb_get_descriptor
                0x0000000087811e68       0x58 common/built-in.o
 .text.get_descriptor_len
                0x0000000087811ec0       0x90 common/built-in.o
 .text.usb_get_string
                0x0000000087811f50       0x70 common/built-in.o
 .text.usb_string_sub
                0x0000000087811fc0      0x108 common/built-in.o
 .text.usb_bulk_msg
                0x00000000878120c8       0x70 common/built-in.o
                0x00000000878120c8                usb_bulk_msg
 .text.usb_maxpacket
                0x0000000087812138       0x1c common/built-in.o
                0x0000000087812138                usb_maxpacket
 .text.usb_clear_halt
                0x0000000087812154       0x90 common/built-in.o
                0x0000000087812154                usb_clear_halt
 .text.usb_get_configuration_len
                0x00000000878121e4       0x74 common/built-in.o
                0x00000000878121e4                usb_get_configuration_len
 .text.usb_get_configuration_no
                0x0000000087812258       0x34 common/built-in.o
                0x0000000087812258                usb_get_configuration_no
 .text.usb_set_interface
                0x000000008781228c       0xb4 common/built-in.o
                0x000000008781228c                usb_set_interface
 .text.usb_string
                0x0000000087812340      0x100 common/built-in.o
                0x0000000087812340                usb_string
 .text.usb_get_dev_index
                0x0000000087812440       0x24 common/built-in.o
                0x0000000087812440                usb_get_dev_index
 .text.usb_alloc_new_device
                0x0000000087812464       0x9c common/built-in.o
                0x0000000087812464                usb_alloc_new_device
 .text.usb_free_device
                0x0000000087812500       0x48 common/built-in.o
                0x0000000087812500                usb_free_device
 .text.usb_alloc_device
                0x0000000087812548        0x8 common/built-in.o
                0x0000000087812548                usb_alloc_device
 .text.usb_select_config
                0x0000000087812550      0x458 common/built-in.o
                0x0000000087812550                usb_select_config
 .text.usb_setup_device
                0x00000000878129a8      0x19c common/built-in.o
                0x00000000878129a8                usb_setup_device
 .text.usb_new_device
                0x0000000087812b44       0x34 common/built-in.o
                0x0000000087812b44                usb_new_device
 .text.usb_init
                0x0000000087812b78      0x168 common/built-in.o
                0x0000000087812b78                usb_init
 .text.usb_device_has_child_on_port
                0x0000000087812ce0       0x14 common/built-in.o
                0x0000000087812ce0                usb_device_has_child_on_port
 .text.usb_find_usb2_hub_address_port
                0x0000000087812cf4       0x5c common/built-in.o
                0x0000000087812cf4                usb_find_usb2_hub_address_port
 .text.usb_set_port_feature
                0x0000000087812d50       0x4c common/built-in.o
 .text.usb_clear_port_feature
                0x0000000087812d9c       0x4c common/built-in.o
 .text.usb_get_hub_descriptor
                0x0000000087812de8       0x4c common/built-in.o
 .text.usb_hub_power_on
                0x0000000087812e34       0x6c common/built-in.o
 .text.usb_hub_reset_devices
                0x0000000087812ea0        0x4 common/built-in.o
                0x0000000087812ea0                usb_hub_reset_devices
 .text.usb_get_port_status
                0x0000000087812ea4       0x4c common/built-in.o
                0x0000000087812ea4                usb_get_port_status
 .text.usb_hub_reset
                0x0000000087812ef0       0x14 common/built-in.o
                0x0000000087812ef0                usb_hub_reset
 .text.legacy_hub_port_reset
                0x0000000087812f04       0xa0 common/built-in.o
                0x0000000087812f04                legacy_hub_port_reset
 .text.usb_hub_port_connect_change
                0x0000000087812fa4      0x16c common/built-in.o
                0x0000000087812fa4                usb_hub_port_connect_change
 .text.usb_hub_configure
                0x0000000087813110      0x2c8 common/built-in.o
 .text.usb_hub_probe
                0x00000000878133d8       0x54 common/built-in.o
                0x00000000878133d8                usb_hub_probe
 .text.usb_stor_irq
                0x000000008781342c       0x1c common/built-in.o
 .text.usb_stor_BBB_reset
                0x0000000087813448       0xd0 common/built-in.o
 .text.usb_stor_CB_reset
                0x0000000087813518       0xd0 common/built-in.o
 .text.usb_stor_BBB_clear_endpt_stall.isra.0
                0x00000000878135e8       0x40 common/built-in.o
 .text.usb_stor_BBB_transport
                0x0000000087813628      0x25c common/built-in.o
 .text.usb_stor_CB_comdat
                0x0000000087813884      0x204 common/built-in.o
 .text.usb_stor_CBI_get_status.isra.2
                0x0000000087813a88       0xc8 common/built-in.o
 .text.usb_stor_CB_transport
                0x0000000087813b50      0x228 common/built-in.o
 .text.usb_request_sense.constprop.8
                0x0000000087813d78       0x70 common/built-in.o
 .text.usb_stor_read
                0x0000000087813de8      0x188 common/built-in.o
 .text.usb_stor_write
                0x0000000087813f70      0x188 common/built-in.o
 .text.usb_stor_get_dev
                0x00000000878140f8       0x28 common/built-in.o
                0x00000000878140f8                usb_stor_get_dev
 .text.usb_stor_info
                0x0000000087814120       0x74 common/built-in.o
                0x0000000087814120                usb_stor_info
 .text.usb_storage_probe
                0x0000000087814194      0x204 common/built-in.o
                0x0000000087814194                usb_storage_probe
 .text.usb_stor_get_info
                0x0000000087814398      0x31c common/built-in.o
                0x0000000087814398                usb_stor_get_info
 .text.usb_stor_scan
                0x00000000878146b4      0x1f8 common/built-in.o
                0x00000000878146b4                usb_stor_scan
 .text.env_get_char_spec
                0x00000000878148ac        0xc common/built-in.o
                0x00000000878148ac                env_get_char_spec
 .text.env_get_addr
                0x00000000878148b8       0x20 common/built-in.o
                0x00000000878148b8                env_get_addr
 .text.env_get_char_memory
                0x00000000878148d8       0x10 common/built-in.o
                0x00000000878148d8                env_get_char_memory
 .text.env_get_char
                0x00000000878148e8       0x30 common/built-in.o
                0x00000000878148e8                env_get_char
 .text.getenv_yesno
                0x0000000087814918       0x40 common/built-in.o
                0x0000000087814918                getenv_yesno
 .text.getenv_default
                0x0000000087814958       0x30 common/built-in.o
                0x0000000087814958                getenv_default
 .text.set_default_env
                0x0000000087814988       0xc0 common/built-in.o
                0x0000000087814988                set_default_env
 .text.set_default_vars
                0x0000000087814a48       0x38 common/built-in.o
                0x0000000087814a48                set_default_vars
 .text.env_import
                0x0000000087814a80       0xdc common/built-in.o
                0x0000000087814a80                env_import
 .text.env_export
                0x0000000087814b5c       0xa0 common/built-in.o
                0x0000000087814b5c                env_export
 .text.env_relocate
                0x0000000087814bfc       0x2c common/built-in.o
                0x0000000087814bfc                env_relocate
 .text.env_complete
                0x0000000087814c28       0xf0 common/built-in.o
                0x0000000087814c28                env_complete
 .text.console_setfile
                0x0000000087814d18       0xc0 common/built-in.o
 .text.putc     0x0000000087814dd8       0x34 common/built-in.o
                0x0000000087814dd8                putc
 .text.puts     0x0000000087814e0c       0x34 common/built-in.o
                0x0000000087814e0c                puts
 .text.fgetc    0x0000000087814e40       0x24 common/built-in.o
                0x0000000087814e40                fgetc
 .text.getc     0x0000000087814e64       0x24 common/built-in.o
                0x0000000087814e64                getc
 .text.ftstc    0x0000000087814e88       0x24 common/built-in.o
                0x0000000087814e88                ftstc
 .text.tstc     0x0000000087814eac       0x24 common/built-in.o
                0x0000000087814eac                tstc
 .text.ctrlc    0x0000000087814ed0       0x58 common/built-in.o
                0x0000000087814ed0                ctrlc
 .text.confirm_yesno
                0x0000000087814f28       0xd4 common/built-in.o
                0x0000000087814f28                confirm_yesno
 .text.had_ctrlc
                0x0000000087814ffc       0x10 common/built-in.o
                0x0000000087814ffc                had_ctrlc
 .text.clear_ctrlc
                0x000000008781500c       0x14 common/built-in.o
                0x000000008781500c                clear_ctrlc
 .text.search_device
                0x0000000087815020       0x28 common/built-in.o
                0x0000000087815020                search_device
 .text.console_assign
                0x0000000087815048       0x48 common/built-in.o
                0x0000000087815048                console_assign
 .text.on_console
                0x0000000087815090       0xb8 common/built-in.o
 .text.console_init_f
                0x0000000087815148       0x10 common/built-in.o
                0x0000000087815148                console_init_f
 .text.stdio_print_current_devices
                0x0000000087815158       0xb0 common/built-in.o
                0x0000000087815158                stdio_print_current_devices
 .text.console_init_r
                0x0000000087815208       0xd8 common/built-in.o
                0x0000000087815208                console_init_r
 .text.sbrk     0x00000000878152e0       0x6c common/built-in.o
                0x00000000878152e0                sbrk
 .text.mem_malloc_init
                0x000000008781534c       0x34 common/built-in.o
                0x000000008781534c                mem_malloc_init
 .text.malloc_trim
                0x0000000087815380       0xcc common/built-in.o
                0x0000000087815380                malloc_trim
 .text.free     0x000000008781544c      0x24c common/built-in.o
                0x000000008781544c                free
 .text.malloc   0x0000000087815698      0x628 common/built-in.o
                0x0000000087815698                malloc
 .text.calloc   0x0000000087815cc0      0x144 common/built-in.o
                0x0000000087815cc0                calloc
 .text.realloc  0x0000000087815e04      0x4e0 common/built-in.o
                0x0000000087815e04                realloc
 .text.memalign
                0x00000000878162e4      0x140 common/built-in.o
                0x00000000878162e4                memalign
 .text.initf_malloc
                0x0000000087816424       0x18 common/built-in.o
                0x0000000087816424                initf_malloc
 .text.malloc_simple
                0x000000008781643c       0x30 common/built-in.o
                0x000000008781643c                malloc_simple
 .text.on_loadaddr
                0x000000008781646c       0x38 common/built-in.o
 .text.image_check_hcrc
                0x00000000878164a4       0x4c common/built-in.o
                0x00000000878164a4                image_check_hcrc
 .text.image_check_dcrc
                0x00000000878164f0       0x38 common/built-in.o
                0x00000000878164f0                image_check_dcrc
 .text.image_multi_count
                0x0000000087816528       0x1c common/built-in.o
                0x0000000087816528                image_multi_count
 .text.image_multi_getimg
                0x0000000087816544       0x80 common/built-in.o
                0x0000000087816544                image_multi_getimg
 .text.getenv_bootm_low
                0x00000000878165c4       0x30 common/built-in.o
                0x00000000878165c4                getenv_bootm_low
 .text.getenv_bootm_size
                0x00000000878165f4       0x68 common/built-in.o
                0x00000000878165f4                getenv_bootm_size
 .text.getenv_bootm_mapsize
                0x000000008781665c       0x30 common/built-in.o
                0x000000008781665c                getenv_bootm_mapsize
 .text.memmove_wd
                0x000000008781668c        0xc common/built-in.o
                0x000000008781668c                memmove_wd
 .text.genimg_print_size
                0x0000000087816698       0x30 common/built-in.o
                0x0000000087816698                genimg_print_size
 .text.get_table_entry
                0x00000000878166c8       0x24 common/built-in.o
                0x00000000878166c8                get_table_entry
 .text.get_table_entry_name
                0x00000000878166ec       0x20 common/built-in.o
                0x00000000878166ec                get_table_entry_name
 .text.genimg_get_os_name
                0x000000008781670c       0x18 common/built-in.o
                0x000000008781670c                genimg_get_os_name
 .text.genimg_get_arch_name
                0x0000000087816724       0x18 common/built-in.o
                0x0000000087816724                genimg_get_arch_name
 .text.genimg_get_type_name
                0x000000008781673c       0x18 common/built-in.o
                0x000000008781673c                genimg_get_type_name
 .text.genimg_get_comp_name
                0x0000000087816754       0x18 common/built-in.o
                0x0000000087816754                genimg_get_comp_name
 .text.image_print_contents
                0x000000008781676c      0x178 common/built-in.o
                0x000000008781676c                image_print_contents
 .text.genimg_get_kernel_addr_fit
                0x00000000878168e4       0x24 common/built-in.o
                0x00000000878168e4                genimg_get_kernel_addr_fit
 .text.genimg_get_format
                0x0000000087816908       0x34 common/built-in.o
                0x0000000087816908                genimg_get_format
 .text.genimg_get_image
                0x000000008781693c        0x4 common/built-in.o
                0x000000008781693c                genimg_get_image
 .text.genimg_has_config
                0x0000000087816940        0x8 common/built-in.o
                0x0000000087816940                genimg_has_config
 .text.boot_get_ramdisk
                0x0000000087816948      0x274 common/built-in.o
                0x0000000087816948                boot_get_ramdisk
 .text.boot_ramdisk_high
                0x0000000087816bbc      0x138 common/built-in.o
                0x0000000087816bbc                boot_ramdisk_high
 .text.boot_get_setup
                0x0000000087816cf4        0x8 common/built-in.o
                0x0000000087816cf4                boot_get_setup
 .text.image_setup_linux
                0x0000000087816cfc       0x8c common/built-in.o
                0x0000000087816cfc                image_setup_linux
 .text.fdt_error
                0x0000000087816d88       0x2c common/built-in.o
 .text.boot_fdt_add_mem_rsv_regions
                0x0000000087816db4       0x88 common/built-in.o
                0x0000000087816db4                boot_fdt_add_mem_rsv_regions
 .text.boot_relocate_fdt
                0x0000000087816e3c      0x198 common/built-in.o
                0x0000000087816e3c                boot_relocate_fdt
 .text.boot_get_fdt
                0x0000000087816fd4      0x2ac common/built-in.o
                0x0000000087816fd4                boot_get_fdt
 .text.ft_verify_fdt
                0x0000000087817280        0x8 common/built-in.o
                0x0000000087817280                ft_verify_fdt
 .text.image_setup_libfdt
                0x0000000087817288      0x134 common/built-in.o
                0x0000000087817288                image_setup_libfdt
 .text.get_effective_memsize
                0x00000000878173bc        0x8 common/built-in.o
                0x00000000878173bc                get_effective_memsize
 .text.stdio_serial_tstc
                0x00000000878173c4        0x4 common/built-in.o
 .text.stdio_serial_getc
                0x00000000878173c8        0x4 common/built-in.o
 .text.stdio_serial_puts
                0x00000000878173cc        0x8 common/built-in.o
 .text.stdio_serial_putc
                0x00000000878173d4        0x8 common/built-in.o
 .text.stdio_get_list
                0x00000000878173dc        0xc common/built-in.o
                0x00000000878173dc                stdio_get_list
 .text.stdio_get_by_name
                0x00000000878173e8       0x5c common/built-in.o
                0x00000000878173e8                stdio_get_by_name
 .text.stdio_clone
                0x0000000087817444       0x38 common/built-in.o
                0x0000000087817444                stdio_clone
 .text.stdio_register_dev
                0x000000008781747c       0x50 common/built-in.o
                0x000000008781747c                stdio_register_dev
 .text.stdio_register
                0x00000000878174cc        0x8 common/built-in.o
                0x00000000878174cc                stdio_register
 .text.stdio_init_tables
                0x00000000878174d4       0x1c common/built-in.o
                0x00000000878174d4                stdio_init_tables
 .text.stdio_add_devices
                0x00000000878174f0       0x7c common/built-in.o
                0x00000000878174f0                stdio_add_devices
 .text.run_command
                0x000000008781756c       0x10 common/built-in.o
                0x000000008781756c                run_command
 .text.run_command_list
                0x000000008781757c       0x7c common/built-in.o
                0x000000008781757c                run_command_list
 .text.do_run   0x00000000878175f8       0x78 common/built-in.o
                0x00000000878175f8                do_run
 .text.cli_loop
                0x0000000087817670        0xc common/built-in.o
                0x0000000087817670                cli_loop
 .text.cli_init
                0x000000008781767c        0x4 common/built-in.o
                0x000000008781767c                cli_init
 .text.delete_char.part.0
                0x0000000087817680       0xd0 common/built-in.o
 .text.cread_add_char
                0x0000000087817750       0xe8 common/built-in.o
 .text.cli_readline_into_buffer
                0x0000000087817838      0x9c0 common/built-in.o
                0x0000000087817838                cli_readline_into_buffer
 .text.cli_readline
                0x00000000878181f8       0x14 common/built-in.o
                0x00000000878181f8                cli_readline
 .text.find_cmd_tbl
                0x000000008781820c       0xa4 common/built-in.o
                0x000000008781820c                find_cmd_tbl
 .text.find_cmd
                0x00000000878182b0       0x28 common/built-in.o
                0x00000000878182b0                find_cmd
 .text.cmd_usage
                0x00000000878182d8       0x5c common/built-in.o
                0x00000000878182d8                cmd_usage
 .text._do_help
                0x0000000087818334      0x178 common/built-in.o
                0x0000000087818334                _do_help
 .text.var_complete
                0x00000000878184ac       0x84 common/built-in.o
                0x00000000878184ac                var_complete
 .text.cmd_auto_complete
                0x0000000087818530      0x4b4 common/built-in.o
                0x0000000087818530                cmd_auto_complete
 .text.cmd_get_data_size
                0x00000000878189e4       0x5c common/built-in.o
                0x00000000878189e4                cmd_get_data_size
 .text.cmd_process
                0x0000000087818a40       0xec common/built-in.o
                0x0000000087818a40                cmd_process
 .text.cmd_process_error
                0x0000000087818b2c       0x30 common/built-in.o
                0x0000000087818b2c                cmd_process_error
 .text.hex1_bin
                0x0000000087818b5c       0x40 common/built-in.o
 .text.hex2_bin
                0x0000000087818b9c       0x38 common/built-in.o
 .text.srec_decode
                0x0000000087818bd4      0x254 common/built-in.o
                0x0000000087818bd4                srec_decode
 .text.CYGACC_COMM_IF_GETC_TIMEOUT.isra.0
                0x0000000087818e28       0x5c common/built-in.o
 .text.xyzModem_flush
                0x0000000087818e84       0x1c common/built-in.o
 .text.xyzModem_get_hdr
                0x0000000087818ea0      0x230 common/built-in.o
 .text.xyzModem_stream_open
                0x00000000878190d0      0x224 common/built-in.o
                0x00000000878190d0                xyzModem_stream_open
 .text.xyzModem_stream_read
                0x00000000878192f4      0x254 common/built-in.o
                0x00000000878192f4                xyzModem_stream_read
 .text.xyzModem_stream_close
                0x0000000087819548       0x54 common/built-in.o
                0x0000000087819548                xyzModem_stream_close
 .text.xyzModem_stream_terminate
                0x000000008781959c       0x94 common/built-in.o
                0x000000008781959c                xyzModem_stream_terminate
 .text.xyzModem_error
                0x0000000087819630       0x20 common/built-in.o
                0x0000000087819630                xyzModem_error
 .text.get_dev_hwpart
                0x0000000087819650       0xa8 disk/built-in.o
 .text.dev_print
                0x00000000878196f8      0x20c disk/built-in.o
                0x00000000878196f8                dev_print
 .text.init_part
                0x0000000087819904       0x20 disk/built-in.o
                0x0000000087819904                init_part
 .text.print_part
                0x0000000087819924       0xf4 disk/built-in.o
                0x0000000087819924                print_part
 .text.get_partition_info
                0x0000000087819a18       0x2c disk/built-in.o
                0x0000000087819a18                get_partition_info
 .text.get_device
                0x0000000087819a44      0x128 disk/built-in.o
                0x0000000087819a44                get_device
 .text.get_device_and_partition
                0x0000000087819b6c      0x3f8 disk/built-in.o
                0x0000000087819b6c                get_device_and_partition
 .text.test_block_type
                0x0000000087819f64       0x84 disk/built-in.o
 .text.print_partition_extended
                0x0000000087819fe8      0x274 disk/built-in.o
 .text.get_partition_info_extended.constprop.1
                0x000000008781a25c      0x2fc disk/built-in.o
 .text.test_part_dos
                0x000000008781a558       0x60 disk/built-in.o
                0x000000008781a558                test_part_dos
 .text.print_part_dos
                0x000000008781a5b8       0x34 disk/built-in.o
                0x000000008781a5b8                print_part_dos
 .text.get_partition_info_dos
                0x000000008781a5ec       0x20 disk/built-in.o
                0x000000008781a5ec                get_partition_info_dos
 .text.alloc_priv
                0x000000008781a60c       0x48 drivers/built-in.o
 .text.device_bind
                0x000000008781a654      0x304 drivers/built-in.o
                0x000000008781a654                device_bind
 .text.device_bind_by_name
                0x000000008781a958       0x60 drivers/built-in.o
                0x000000008781a958                device_bind_by_name
 .text.device_probe
                0x000000008781a9b8      0x234 drivers/built-in.o
                0x000000008781a9b8                device_probe
 .text.dev_get_platdata
                0x000000008781abec       0x34 drivers/built-in.o
                0x000000008781abec                dev_get_platdata
 .text.dev_get_priv
                0x000000008781ac20       0x34 drivers/built-in.o
                0x000000008781ac20                dev_get_priv
 .text.lists_driver_lookup_name
                0x000000008781ac54       0x4c drivers/built-in.o
                0x000000008781ac54                lists_driver_lookup_name
 .text.lists_uclass_lookup
                0x000000008781aca0       0x3c drivers/built-in.o
                0x000000008781aca0                lists_uclass_lookup
 .text.lists_bind_drivers
                0x000000008781acdc       0x88 drivers/built-in.o
                0x000000008781acdc                lists_bind_drivers
 .text.dm_root  0x000000008781ad64       0x2c drivers/built-in.o
                0x000000008781ad64                dm_root
 .text.dm_init  0x000000008781ad90       0x58 drivers/built-in.o
                0x000000008781ad90                dm_init
 .text.dm_scan_platdata
                0x000000008781ade8       0x2c drivers/built-in.o
                0x000000008781ade8                dm_scan_platdata
 .text.dm_scan_other
                0x000000008781ae14        0x8 drivers/built-in.o
                0x000000008781ae14                dm_scan_other
 .text.dm_init_and_scan
                0x000000008781ae1c       0x30 drivers/built-in.o
                0x000000008781ae1c                dm_init_and_scan
 .text.uclass_find
                0x000000008781ae4c       0x4c drivers/built-in.o
                0x000000008781ae4c                uclass_find
 .text.uclass_get
                0x000000008781ae98      0x124 drivers/built-in.o
                0x000000008781ae98                uclass_get
 .text.uclass_find_device
                0x000000008781afbc       0x74 drivers/built-in.o
                0x000000008781afbc                uclass_find_device
 .text.uclass_find_device_by_seq
                0x000000008781b030       0x7c drivers/built-in.o
                0x000000008781b030                uclass_find_device_by_seq
 .text.uclass_get_device_tail
                0x000000008781b0ac       0x2c drivers/built-in.o
                0x000000008781b0ac                uclass_get_device_tail
 .text.uclass_get_device
                0x000000008781b0d8       0x30 drivers/built-in.o
                0x000000008781b0d8                uclass_get_device
 .text.uclass_bind_device
                0x000000008781b108       0x7c drivers/built-in.o
                0x000000008781b108                uclass_bind_device
 .text.uclass_unbind_device
                0x000000008781b184       0x4c drivers/built-in.o
                0x000000008781b184                uclass_unbind_device
 .text.uclass_resolve_seq
                0x000000008781b1d0       0xb0 drivers/built-in.o
                0x000000008781b1d0                uclass_resolve_seq
 .text.uclass_pre_probe_device
                0x000000008781b280       0x64 drivers/built-in.o
                0x000000008781b280                uclass_pre_probe_device
 .text.uclass_post_probe_device
                0x000000008781b2e4       0x20 drivers/built-in.o
                0x000000008781b2e4                uclass_post_probe_device
 .text.uclass_pre_remove_device
                0x000000008781b304       0x20 drivers/built-in.o
                0x000000008781b304                uclass_pre_remove_device
 .text.dm_warn  0x000000008781b324       0x28 drivers/built-in.o
                0x000000008781b324                dm_warn
 .text.device_free
                0x000000008781b34c       0x90 drivers/built-in.o
                0x000000008781b34c                device_free
 .text.device_remove
                0x000000008781b3dc      0x138 drivers/built-in.o
                0x000000008781b3dc                device_remove
 .text.show_devices
                0x000000008781b514       0xfc drivers/built-in.o
 .text.dm_dump_all
                0x000000008781b610       0x3c drivers/built-in.o
                0x000000008781b610                dm_dump_all
 .text.dm_dump_uclass
                0x000000008781b64c       0xdc drivers/built-in.o
                0x000000008781b64c                dm_dump_uclass
 .text.finish_access
                0x000000008781b728       0x2c drivers/built-in.o
 .text.setup_direct_access
                0x000000008781b754      0x120 drivers/built-in.o
 .text.prepare_access
                0x000000008781b874       0xcc drivers/built-in.o
 .text.fuse_bank_physical
                0x000000008781b940       0xd4 drivers/built-in.o
                0x000000008781b940                fuse_bank_physical
 .text.fuse_word_physical
                0x000000008781ba14       0x40 drivers/built-in.o
                0x000000008781ba14                fuse_word_physical
 .text.fuse_read
                0x000000008781ba54       0x80 drivers/built-in.o
                0x000000008781ba54                fuse_read
 .text.fuse_sense
                0x000000008781bad4       0x94 drivers/built-in.o
                0x000000008781bad4                fuse_sense
 .text.fuse_prog
                0x000000008781bb68       0x88 drivers/built-in.o
                0x000000008781bb68                fuse_prog
 .text.fuse_override
                0x000000008781bbf0       0x78 drivers/built-in.o
                0x000000008781bbf0                fuse_override
 .text.reset_cpu
                0x000000008781bc68       0x48 drivers/built-in.o
                0x000000008781bc68                reset_cpu
 .text.thermal_get_temp
                0x000000008781bcb0       0x20 drivers/built-in.o
                0x000000008781bcb0                thermal_get_temp
 .text.read_cpu_temperature
                0x000000008781bcd0      0x14c drivers/built-in.o
 .text.imx_thermal_get_temp
                0x000000008781be1c       0x64 drivers/built-in.o
                0x000000008781be1c                imx_thermal_get_temp
 .text.imx_thermal_probe
                0x000000008781be80       0xc8 drivers/built-in.o
 .text.gpio_set_value
                0x000000008781bf48       0x44 drivers/gpio/built-in.o
                0x000000008781bf48                gpio_set_value
 .text.gpio_get_value
                0x000000008781bf8c       0x34 drivers/gpio/built-in.o
                0x000000008781bf8c                gpio_get_value
 .text.gpio_request
                0x000000008781bfc0       0x10 drivers/gpio/built-in.o
                0x000000008781bfc0                gpio_request
 .text.gpio_free
                0x000000008781bfd0        0x8 drivers/gpio/built-in.o
                0x000000008781bfd0                gpio_free
 .text.gpio_direction_input
                0x000000008781bfd8       0x3c drivers/gpio/built-in.o
                0x000000008781bfd8                gpio_direction_input
 .text.gpio_direction_output
                0x000000008781c014       0x50 drivers/gpio/built-in.o
                0x000000008781c014                gpio_direction_output
 .text.i2c_get_adapter
                0x000000008781c064       0x64 drivers/i2c/built-in.o
                0x000000008781c064                i2c_get_adapter
 .text.i2c_init_bus
                0x000000008781c0c8       0x90 drivers/i2c/built-in.o
 .text.i2c_get_bus_num
                0x000000008781c158        0x8 drivers/i2c/built-in.o
                0x000000008781c158                i2c_get_bus_num
 .text.i2c_set_bus_num
                0x000000008781c160       0xb8 drivers/i2c/built-in.o
                0x000000008781c160                i2c_set_bus_num
 .text.i2c_init_all
                0x000000008781c218       0x14 drivers/i2c/built-in.o
                0x000000008781c218                i2c_init_all
 .text.i2c_probe
                0x000000008781c22c       0x2c drivers/i2c/built-in.o
                0x000000008781c22c                i2c_probe
 .text.i2c_read
                0x000000008781c258       0x4c drivers/i2c/built-in.o
                0x000000008781c258                i2c_read
 .text.i2c_write
                0x000000008781c2a4       0x4c drivers/i2c/built-in.o
                0x000000008781c2a4                i2c_write
 .text.i2c_set_bus_speed
                0x000000008781c2f0       0x64 drivers/i2c/built-in.o
                0x000000008781c2f0                i2c_set_bus_speed
 .text.i2c_get_bus_speed
                0x000000008781c354       0x14 drivers/i2c/built-in.o
                0x000000008781c354                i2c_get_bus_speed
 .text.i2c_init
                0x000000008781c368       0x14 drivers/i2c/built-in.o
                0x000000008781c368                i2c_init
 .text.wait_for_sr_state
                0x000000008781c37c      0x100 drivers/i2c/built-in.o
 .text.tx_byte  0x000000008781c47c       0x50 drivers/i2c/built-in.o
 .text.bus_i2c_set_bus_speed
                0x000000008781c4cc       0xb4 drivers/i2c/built-in.o
 .text.mxc_i2c_set_bus_speed
                0x000000008781c580       0x18 drivers/i2c/built-in.o
 .text.i2c_imx_stop
                0x000000008781c598       0x50 drivers/i2c/built-in.o
 .text.__i2c_force_reset_slave
                0x000000008781c5e8        0x4 drivers/i2c/built-in.o
                0x000000008781c5e8                __i2c_force_reset_slave
                0x000000008781c5e8                i2c_force_reset_slave
 .text.i2c_idle_bus
                0x000000008781c5ec       0x24 drivers/i2c/built-in.o
                0x000000008781c5ec                i2c_idle_bus
 .text.i2c_init_transfer
                0x000000008781c610      0x230 drivers/i2c/built-in.o
 .text.mxc_i2c_probe
                0x000000008781c840       0x40 drivers/i2c/built-in.o
 .text.mxc_i2c_read
                0x000000008781c880      0x184 drivers/i2c/built-in.o
 .text.mxc_i2c_write
                0x000000008781ca04       0x6c drivers/i2c/built-in.o
 .text.bus_i2c_init
                0x000000008781ca70       0x90 drivers/i2c/built-in.o
                0x000000008781ca70                bus_i2c_init
 .text.mxc_i2c_init
                0x000000008781cb00       0x1c drivers/i2c/built-in.o
 .text.esdhc_getcd
                0x000000008781cb1c       0x40 drivers/mmc/built-in.o
 .text.esdhc_set_ios
                0x000000008781cb5c      0x124 drivers/mmc/built-in.o
 .text.esdhc_init
                0x000000008781cc80       0xb8 drivers/mmc/built-in.o
 .text.check_and_invalidate_dcache_range.isra.0
                0x000000008781cd38       0x30 drivers/mmc/built-in.o
 .text.esdhc_send_cmd
                0x000000008781cd68      0x3e8 drivers/mmc/built-in.o
 .text.fsl_esdhc_initialize
                0x000000008781d150      0x19c drivers/mmc/built-in.o
                0x000000008781d150                fsl_esdhc_initialize
 .text.fsl_esdhc_mmc_init
                0x000000008781d2ec       0x38 drivers/mmc/built-in.o
                0x000000008781d2ec                fsl_esdhc_mmc_init
 .text.mmc_set_ios
                0x000000008781d324       0x18 drivers/mmc/built-in.o
 .text.mmc_set_capacity
                0x000000008781d33c       0xa8 drivers/mmc/built-in.o
 .text.board_mmc_getwp
                0x000000008781d3e4        0x8 drivers/mmc/built-in.o
                0x000000008781d3e4                board_mmc_getwp
 .text.mmc_getwp
                0x000000008781d3ec       0x3c drivers/mmc/built-in.o
                0x000000008781d3ec                mmc_getwp
 .text.mmc_send_cmd
                0x000000008781d428       0x10 drivers/mmc/built-in.o
                0x000000008781d428                mmc_send_cmd
 .text.mmc_send_ext_csd
                0x000000008781d438       0x4c drivers/mmc/built-in.o
 .text.mmc_go_idle
                0x000000008781d484       0x4c drivers/mmc/built-in.o
 .text.mmc_send_op_cond_iter
                0x000000008781d4d0       0x78 drivers/mmc/built-in.o
 .text.mmc_send_status
                0x000000008781d548       0xe0 drivers/mmc/built-in.o
                0x000000008781d548                mmc_send_status
 .text.mmc_switch.isra.0
                0x000000008781d628       0x54 drivers/mmc/built-in.o
 .text.mmc_set_blocklen
                0x000000008781d67c       0x40 drivers/mmc/built-in.o
                0x000000008781d67c                mmc_set_blocklen
 .text.find_mmc_device
                0x000000008781d6bc       0x4c drivers/mmc/built-in.o
                0x000000008781d6bc                find_mmc_device
 .text.mmc_switch_part
                0x000000008781d708       0x60 drivers/mmc/built-in.o
                0x000000008781d708                mmc_switch_part
 .text.mmc_select_hwpart
                0x000000008781d768       0x64 drivers/mmc/built-in.o
                0x000000008781d768                mmc_select_hwpart
 .text.mmc_bread
                0x000000008781d7cc      0x160 drivers/mmc/built-in.o
 .text.mmc_hwpart_config
                0x000000008781d92c      0x42c drivers/mmc/built-in.o
                0x000000008781d92c                mmc_hwpart_config
 .text.mmc_getcd
                0x000000008781dd58       0x3c drivers/mmc/built-in.o
                0x000000008781dd58                mmc_getcd
 .text.mmc_set_clock
                0x000000008781dd94       0x24 drivers/mmc/built-in.o
                0x000000008781dd94                mmc_set_clock
 .text.mmc_startup
                0x000000008781ddb8      0xda8 drivers/mmc/built-in.o
 .text.mmc_create
                0x000000008781eb60       0xfc drivers/mmc/built-in.o
                0x000000008781eb60                mmc_create
 .text.board_mmc_power_init
                0x000000008781ec5c        0x4 drivers/mmc/built-in.o
                0x000000008781ec5c                board_mmc_power_init
 .text.mmc_start_init
                0x000000008781ec60      0x258 drivers/mmc/built-in.o
                0x000000008781ec60                mmc_start_init
 .text.mmc_init
                0x000000008781eeb8       0xf4 drivers/mmc/built-in.o
                0x000000008781eeb8                mmc_init
 .text.mmc_get_dev
                0x000000008781efac       0x2c drivers/mmc/built-in.o
                0x000000008781efac                mmc_get_dev
 .text.mmc_set_dsr
                0x000000008781efd8        0xc drivers/mmc/built-in.o
                0x000000008781efd8                mmc_set_dsr
 .text.print_mmc_devices
                0x000000008781efe4       0xc0 drivers/mmc/built-in.o
                0x000000008781efe4                print_mmc_devices
 .text.get_mmc_num
                0x000000008781f0a4       0x10 drivers/mmc/built-in.o
                0x000000008781f0a4                get_mmc_num
 .text.mmc_initialize
                0x000000008781f0b4       0x94 drivers/mmc/built-in.o
                0x000000008781f0b4                mmc_initialize
 .text.mmc_boot_partition_size_change
                0x000000008781f148       0xc4 drivers/mmc/built-in.o
                0x000000008781f148                mmc_boot_partition_size_change
 .text.mmc_set_boot_bus_width
                0x000000008781f20c       0x14 drivers/mmc/built-in.o
                0x000000008781f20c                mmc_set_boot_bus_width
 .text.mmc_set_part_conf
                0x000000008781f220       0x14 drivers/mmc/built-in.o
                0x000000008781f220                mmc_set_part_conf
 .text.mmc_set_rst_n_function
                0x000000008781f234        0xc drivers/mmc/built-in.o
                0x000000008781f234                mmc_set_rst_n_function